// Jest Snapshot v1, https://goo.gl/fbAQLP

exports[`Component Update Password Should match with snapshot 1`] = `
<DocumentFragment>
  <form
    class="form"
  >
    <div>
      <div
        class="input"
        data-testid="input-container"
      >
        <div
          class="label"
          data-testid="input-label"
        >
          Your Password
          <span>
            *
          </span>
        </div>
        <div
          class="contentInput"
        >
          <input
            data-testid="input"
            id="oldPassword"
            name="oldPassword"
            placeholder="Your Password"
            type="password"
            value=""
          />
        </div>
      </div>
    </div>
    <div>
      <div
        class="input"
        data-testid="input-container"
      >
        <div
          class="label"
          data-testid="input-label"
        >
          New Password
          <span>
            *
          </span>
        </div>
        <div
          class="contentInput"
        >
          <input
            data-testid="input"
            id="password"
            name="password"
            placeholder="Password"
            type="password"
            value=""
          />
          <div
            data-testid="visibility-icon"
          >
            <svg
              aria-hidden="true"
              class="MuiSvgIcon-root MuiSvgIcon-fontSizeMedium icon css-i4bv87-MuiSvgIcon-root"
              data-testid="VisibilityIcon"
              focusable="false"
              viewBox="0 0 24 24"
            >
              <path
                d="M12 4.5C7 4.5 2.73 7.61 1 12c1.73 4.39 6 7.5 11 7.5s9.27-3.11 11-7.5c-1.73-4.39-6-7.5-11-7.5zM12 17c-2.76 0-5-2.24-5-5s2.24-5 5-5 5 2.24 5 5-2.24 5-5 5zm0-8c-1.66 0-3 1.34-3 3s1.34 3 3 3 3-1.34 3-3-1.34-3-3-3z"
              />
            </svg>
          </div>
        </div>
      </div>
    </div>
    <div>
      <div
        class="input"
        data-testid="input-container"
      >
        <div
          class="label"
          data-testid="input-label"
        >
          Confirm Password
          <span>
            *
          </span>
        </div>
        <div
          class="contentInput"
        >
          <input
            data-testid="input"
            id="confirmPassword"
            name="confirmPassword"
            placeholder="Confirm Password"
            type="password"
            value=""
          />
        </div>
      </div>
    </div>
    <div
      class="btnContainer"
    >
      <button
        class="btn btn"
        data-testid="btn"
        type="submit"
      >
        Kirim
      </button>
    </div>
  </form>
</DocumentFragment>
`;
